// Vitest Snapshot v1, https://vitest.dev/guide/snapshot.html

exports[`generateResourceCommands > emits the command tree for the allow-listed operations 1`] = `
"// transfers.ts
import type { ResourceDefinition } from "../../resources/definition.js";

export const transfers: ResourceDefinition = {
  "command": "transfers",
  "description": "Core Transfers",
  "columns": [
    "id",
    "status",
    "payment_status",
    "failure_code",
    "amount.value"
  ],
  "operations": [
    {
      "verb": "list",
      "method": "GET",
      "path": "/v2/transfers",
      "summary": "List Core Transfers",
      "pathParams": [],
      "flags": [
        {
          "flag": "limit",
          "location": "query",
          "path": [
            "limit"
          ],
          "type": "integer",
          "description": "Maximum number of transfers to return"
        },
        {
          "flag": "type",
          "location": "query",
          "path": [
            "type"
          ],
          "type": "string",
          "description": "Only return transfers of this type",
          "choices": [
            "payment",
            "payout"
          ]
        }
      ],
      "acceptsBody": false
    },
    {
      "verb": "retrieve",
      "method": "GET",
      "path": "/v2/transfers/{id}",
      "summary": "Retrieve a Core Transfer",
      "pathParams": [
        {
          "name": "id",
          "description": "Transfer id"
        }
      ],
      "flags": [],
      "acceptsBody": false
    },
    {
      "verb": "create",
      "method": "POST",
      "path": "/v2/transfers",
      "summary": "Create a Core Transfer",
      "pathParams": [],
      "flags": [
        {
          "flag": "amount.value",
          "location": "body",
          "path": [
            "amount",
            "value"
          ],
          "type": "integer",
          "description": "Amount in the smallest currency unit"
        },
        {
          "flag": "amount.currency",
          "location": "body",
          "path": [
            "amount",
            "currency"
          ],
          "type": "string",
          "description": "Three-letter ISO currency code"
        },
        {
          "flag": "source.payment_method_id",
          "location": "body",
          "path": [
            "source",
            "payment_method_id"
          ],
          "type": "string",
          "description": "Payment method the funds are pulled from"
        },
        {
          "flag": "confirm",
          "location": "body",
          "path": [
            "confirm"
          ],
          "type": "boolean",
          "description": "Confirm the transfer immediately"
        }
      ],
      "acceptsBody": true
    },
    {
      "verb": "confirm",
      "method": "POST",
      "path": "/v2/transfers/{id}/confirm",
      "summary": "Confirm a Core Transfer",
      "pathParams": [
        {
          "name": "id",
          "description": "Transfer id"
        }
      ],
      "flags": [],
      "acceptsBody": false
    }
  ],
  "wait": {
    "terminalStatuses": [
      "completed",
      "failed"
    ],
    "verbs": [
      "create",
      "confirm"
    ]
  }
};

// payment-methods.ts
import type { ResourceDefinition } from "../../resources/definition.js";

export const paymentMethods: ResourceDefinition = {
  "command": "payment-methods",
  "description": "PaymentMethods",
  "columns": [
    "id",
    "type",
    "status",
    "ach.last_four"
  ],
  "operations": [
    {
      "verb": "create",
      "method": "POST",
      "path": "/v1/payment_methods",
      "summary": "Create a PaymentMethod",
      "pathParams": [],
      "flags": [
        {
          "flag": "type",
          "location": "body",
          "path": [
            "type"
          ],
          "type": "string",
          "description": "Kind of payment method",
          "choices": [
            "card",
            "ach"
          ]
        },
        {
          "flag": "account",
          "location": "body",
          "path": [
            "account"
          ],
          "type": "string",
          "description": "Account id to attach the payment method to"
        },
        {
          "flag": "account_number",
          "location": "body",
          "path": [
            "account_number"
          ],
          "type": "string",
          "description": "Bank account number (ach)"
        },
        {
          "flag": "routing_number",
          "location": "body",
          "path": [
            "routing_number"
          ],
          "type": "string",
          "description": "Nine-digit ABA routing number (ach)"
        }
      ],
      "acceptsBody": true
    },
    {
      "verb": "block",
      "method": "POST",
      "path": "/v1/payment_methods/{id}/block",
      "summary": "Block a PaymentMethod",
      "pathParams": [
        {
          "name": "id",
          "description": "PaymentMethod id"
        }
      ],
      "flags": [],
      "acceptsBody": false
    }
  ]
};

// accounts.ts
import type { ResourceDefinition } from "../../resources/definition.js";

export const accounts: ResourceDefinition = {
  "command": "accounts",
  "description": "Accounts",
  "columns": [
    "id",
    "type",
    "status"
  ],
  "operations": [
    {
      "verb": "create",
      "method": "POST",
      "path": "/v1/accounts",
      "summary": "Create an Account",
      "pathParams": [],
      "flags": [
        {
          "flag": "type",
          "location": "body",
          "path": [
            "type"
          ],
          "type": "string",
          "description": "Kind of party the Account represents",
          "choices": [
            "individual",
            "business"
          ]
        },
        {
          "flag": "profile.individual.name.first_name",
          "location": "body",
          "path": [
            "profile",
            "individual",
            "name",
            "first_name"
          ],
          "type": "string",
          "description": "Legal first name"
        }
      ],
      "acceptsBody": true
    }
  ]
};

// capabilities.ts
import type { ResourceDefinition } from "../../resources/definition.js";

export const capabilities: ResourceDefinition = {
  "command": "capabilities",
  "description": "Account capabilities",
  "columns": [
    "name",
    "status"
  ],
  "operations": [
    {
      "verb": "request",
      "method": "POST",
      "path": "/v1/accounts/{account_id}/capabilities",
      "summary": "Request capabilities for an Account",
      "pathParams": [
        {
          "name": "account_id",
          "description": "Account id"
        }
      ],
      "bodyArgument": {
        "name": "capabilities",
        "description": "Capabilities to request",
        "choices": [
          "card_receive",
          "bank_account_receive"
        ]
      },
      "flags": [],
      "acceptsBody": true
    }
  ]
};

// index.ts
import type { DeprecatedResource, ResourceDefinition } from "../../resources/definition.js";
import { transfers } from "./transfers.js";
import { paymentMethods } from "./payment-methods.js";
import { accounts } from "./accounts.js";
import { capabilities } from "./capabilities.js";

export const resources: ResourceDefinition[] = [transfers, paymentMethods, accounts, capabilities];

export const deprecatedResources: DeprecatedResource[] = [
  {
    "command": "customers",
    "canonical": "accounts"
  },
  {
    "command": "payouts",
    "canonical": "transfers"
  }
];
"
`;
